\BOOKMARK [1][-]{section.1}{\376\377\000I\000N\000T\000R\000O\000D\000U\000C\000C\000I\000\323\000N}{}% 1
\BOOKMARK [1][-]{section.2}{\376\377\000O\000B\000J\000E\000T\000I\000V\000O\000S}{}% 2
\BOOKMARK [2][-]{subsection.2.1}{\376\377\000O\000b\000j\000e\000t\000i\000v\000o\000\040\000G\000e\000n\000e\000r\000a\000l}{section.2}% 3
\BOOKMARK [2][-]{subsection.2.2}{\376\377\000O\000b\000j\000e\000t\000i\000v\000o\000s\000\040\000E\000s\000p\000e\000c\000\355\000f\000i\000c\000o\000s}{section.2}% 4
\BOOKMARK [1][-]{section.3}{\376\377\000M\000A\000R\000C\000O\000\040\000T\000E\000\323\000R\000I\000C\000O}{}% 5
\BOOKMARK [2][-]{subsection.3.1}{\376\377\000L\000a\000\040\000L\000e\000y\000\040\000d\000e\000\040\000O\000h\000m}{section.3}% 6
\BOOKMARK [2][-]{subsection.3.2}{\376\377\000C\000o\000n\000c\000e\000p\000t\000o\000s\000\040\000R\000e\000l\000a\000c\000i\000o\000n\000a\000d\000o\000s}{section.3}% 7
\BOOKMARK [1][-]{section.4}{\376\377\000M\000E\000T\000O\000D\000O\000L\000O\000G\000\315\000A\000\040\000E\000X\000P\000E\000R\000I\000M\000E\000N\000T\000A\000L}{}% 8
\BOOKMARK [2][-]{subsection.4.1}{\376\377\000M\000a\000t\000e\000r\000i\000a\000l\000e\000s\000\040\000y\000\040\000E\000q\000u\000i\000p\000o\000s}{section.4}% 9
\BOOKMARK [2][-]{subsection.4.2}{\376\377\000P\000r\000o\000c\000e\000d\000i\000m\000i\000e\000n\000t\000o\000\040\000E\000x\000p\000e\000r\000i\000m\000e\000n\000t\000a\000l}{section.4}% 10
\BOOKMARK [3][-]{subsubsection.4.2.1}{\376\377\000P\000a\000r\000t\000e\000\040\0001\000:\000\040\000V\000a\000r\000i\000a\000c\000i\000\363\000n\000\040\000d\000e\000\040\000V\000o\000l\000t\000a\000j\000e\000\040\000c\000o\000n\000\040\000R\000e\000s\000i\000s\000t\000e\000n\000c\000i\000a\000\040\000C\000o\000n\000s\000t\000a\000n\000t\000e}{subsection.4.2}% 11
\BOOKMARK [3][-]{subsubsection.4.2.2}{\376\377\000P\000a\000r\000t\000e\000\040\0002\000:\000\040\000V\000a\000r\000i\000a\000c\000i\000\363\000n\000\040\000d\000e\000\040\000R\000e\000s\000i\000s\000t\000e\000n\000c\000i\000a\000\040\000c\000o\000n\000\040\000V\000o\000l\000t\000a\000j\000e\000\040\000C\000o\000n\000s\000t\000a\000n\000t\000e}{subsection.4.2}% 12
\BOOKMARK [1][-]{section.5}{\376\377\000R\000E\000S\000U\000L\000T\000A\000D\000O\000S\000\040\000Y\000\040\000A\000N\000\301\000L\000I\000S\000I\000S}{}% 13
\BOOKMARK [2][-]{subsection.5.1}{\376\377\000D\000a\000t\000o\000s\000\040\000E\000x\000p\000e\000r\000i\000m\000e\000n\000t\000a\000l\000e\000s}{section.5}% 14
\BOOKMARK [2][-]{subsection.5.2}{\376\377\000A\000n\000\341\000l\000i\000s\000i\000s\000\040\000d\000e\000\040\000R\000e\000s\000u\000l\000t\000a\000d\000o\000s}{section.5}% 15
\BOOKMARK [3][-]{subsubsection.5.2.1}{\376\377\000R\000e\000l\000a\000c\000i\000\363\000n\000\040\000V\000o\000l\000t\000a\000j\000e\000-\000C\000o\000r\000r\000i\000e\000n\000t\000e}{subsection.5.2}% 16
\BOOKMARK [3][-]{subsubsection.5.2.2}{\376\377\000R\000e\000l\000a\000c\000i\000\363\000n\000\040\000R\000e\000s\000i\000s\000t\000e\000n\000c\000i\000a\000-\000C\000o\000r\000r\000i\000e\000n\000t\000e}{subsection.5.2}% 17
\BOOKMARK [2][-]{subsection.5.3}{\376\377\000G\000r\000\341\000f\000i\000c\000o\000s}{section.5}% 18
\BOOKMARK [1][-]{section.6}{\376\377\000D\000I\000S\000C\000U\000S\000I\000\323\000N\000\040\000D\000E\000\040\000E\000R\000R\000O\000R\000E\000S}{}% 19
\BOOKMARK [2][-]{subsection.6.1}{\376\377\000F\000u\000e\000n\000t\000e\000s\000\040\000d\000e\000\040\000E\000r\000r\000o\000r}{section.6}% 20
\BOOKMARK [2][-]{subsection.6.2}{\376\377\000C\000\341\000l\000c\000u\000l\000o\000\040\000d\000e\000\040\000I\000n\000c\000e\000r\000t\000i\000d\000u\000m\000b\000r\000e}{section.6}% 21
\BOOKMARK [1][-]{section.7}{\376\377\000C\000O\000N\000C\000L\000U\000S\000I\000O\000N\000E\000S}{}% 22
\BOOKMARK [1][-]{section.8}{\376\377\000R\000E\000C\000O\000M\000E\000N\000D\000A\000C\000I\000O\000N\000E\000S}{}% 23
\BOOKMARK [1][-]{section.9}{\376\377\000A\000P\000\311\000N\000D\000I\000C\000E\000S}{}% 24
\BOOKMARK [2][-]{subsection.9.1}{\376\377\000C\000\341\000l\000c\000u\000l\000o\000s\000\040\000d\000e\000\040\000M\000u\000e\000s\000t\000r\000a}{section.9}% 25
\BOOKMARK [3][-]{subsubsection.9.1.1}{\376\377\000E\000j\000e\000m\000p\000l\000o\000\040\0001\000:\000\040\000C\000\341\000l\000c\000u\000l\000o\000\040\000d\000e\000\040\000c\000o\000r\000r\000i\000e\000n\000t\000e\000\040\000e\000s\000p\000e\000r\000a\000d\000a}{subsection.9.1}% 26
\BOOKMARK [3][-]{subsubsection.9.1.2}{\376\377\000E\000j\000e\000m\000p\000l\000o\000\040\0002\000:\000\040\000C\000\341\000l\000c\000u\000l\000o\000\040\000d\000e\000\040\000r\000e\000s\000i\000s\000t\000e\000n\000c\000i\000a\000\040\000a\000\040\000p\000a\000r\000t\000i\000r\000\040\000d\000e\000\040\000m\000e\000d\000i\000c\000i\000o\000n\000e\000s}{subsection.9.1}% 27
\BOOKMARK [2][-]{subsection.9.2}{\376\377\000C\000u\000e\000s\000t\000i\000o\000n\000a\000r\000i\000o}{section.9}% 28
