This is pdfTeX, Version 3.141592653-2.6-1.40.25 (TeX Live 2023/Debian) (preloaded format=pdflatex 2025.8.3)  8 FEB 2026 07:28
entering extended mode
 restricted \write18 enabled.
 file:line:error style messages enabled.
 %&-line parsing enabled.
**/home/cero/MEGA/VS_CODE_WORKSPACE/ELECTRONICA/IINTERNET_DE_LAS_COSAS/TESIS/TELEMEDICINA/revision-tesis.tex
(/home/cero/MEGA/VS_CODE_WORKSPACE/ELECTRONICA/IINTERNET_DE_LAS_COSAS/TESIS/TELEMEDICINA/revision-tesis.tex
LaTeX2e <2023-11-01> patch level 1
L3 programming layer <2024-01-22>
(/usr/share/texlive/texmf-dist/tex/latex/base/article.cls
Document Class: article 2023/05/17 v1.4n Standard LaTeX document class
(/usr/share/texlive/texmf-dist/tex/latex/base/size12.clo
File: size12.clo 2023/05/17 v1.4n Standard LaTeX file (size option)
)
\c@part=\count187
\c@section=\count188
\c@subsection=\count189
\c@subsubsection=\count190
\c@paragraph=\count191
\c@subparagraph=\count192
\c@figure=\count193
\c@table=\count194
\abovecaptionskip=\skip48
\belowcaptionskip=\skip49
\bibindent=\dimen140
) (/usr/share/texlive/texmf-dist/tex/latex/base/inputenc.sty
Package: inputenc 2021/02/14 v1.3d Input encoding file
\inpenc@prehook=\toks17
\inpenc@posthook=\toks18
) (/usr/share/texlive/texmf-dist/tex/generic/babel/babel.sty
Package: babel 2024/01/07 v24.1 The Babel package
\babel@savecnt=\count195
\U@D=\dimen141
\l@unhyphenated=\language89
 (/usr/share/texlive/texmf-dist/tex/generic/babel/txtbabel.def)
\bbl@readstream=\read2
\bbl@dirlevel=\count196
 (/usr/share/texlive/texmf-dist/tex/generic/babel-spanish/spanish.ldf
Language: spanish.ldf 2021/05/27 v5.0q Spanish support from the babel system
\es@quottoks=\toks19
\es@quotdepth=\count197
Package babel Info: Making " an active character on input line 570.
Package babel Info: Making . an active character on input line 675.
Package babel Info: Making < an active character on input line 722.
Package babel Info: Making > an active character on input line 722.
)) (/usr/share/texlive/texmf-dist/tex/generic/babel/locale/es/babel-spanish.tex
Package babel Info: Importing font and identification data for spanish
(babel)             from babel-es.ini. Reported on input line 11.
) (/usr/share/texlive/texmf-dist/tex/latex/geometry/geometry.sty
Package: geometry 2020/01/02 v5.9 Page Geometry
 (/usr/share/texlive/texmf-dist/tex/latex/graphics/keyval.sty
Package: keyval 2022/05/29 v1.15 key=value parser (DPC)
\KV@toks@=\toks20
) (/usr/share/texlive/texmf-dist/tex/generic/iftex/ifvtex.sty
Package: ifvtex 2019/10/25 v1.7 ifvtex legacy package. Use iftex instead.
 (/usr/share/texlive/texmf-dist/tex/generic/iftex/iftex.sty
Package: iftex 2022/02/03 v1.0f TeX engine tests
))
\Gm@cnth=\count198
\Gm@cntv=\count199
\c@Gm@tempcnt=\count266
\Gm@bindingoffset=\dimen142
\Gm@wd@mp=\dimen143
\Gm@odd@mp=\dimen144
\Gm@even@mp=\dimen145
\Gm@layoutwidth=\dimen146
\Gm@layoutheight=\dimen147
\Gm@layouthoffset=\dimen148
\Gm@layoutvoffset=\dimen149
\Gm@dimlist=\toks21
) (/usr/share/texlive/texmf-dist/tex/latex/tools/verbatim.sty
Package: verbatim 2023-11-06 v1.5v LaTeX2e package for verbatim enhancements
\every@verbatim=\toks22
\verbatim@line=\toks23
\verbatim@in@stream=\read3
) (/usr/share/texlive/texmf-dist/tex/latex/l3backend/l3backend-pdftex.def
File: l3backend-pdftex.def 2024-01-04 L3 backend support: PDF output (pdfTeX)
\l__color_backend_stack_int=\count267
\l__pdf_internal_box=\box51
) (./revision-tesis.aux
LaTeX Info: Redefining \. on input line 8.
LaTeX Info: Redefining \% on input line 8.
)
\openout1 = `revision-tesis.aux'.

LaTeX Font Info:    Checking defaults for OML/cmm/m/it on input line 13.
LaTeX Font Info:    ... okay on input line 13.
LaTeX Font Info:    Checking defaults for OMS/cmsy/m/n on input line 13.
LaTeX Font Info:    ... okay on input line 13.
LaTeX Font Info:    Checking defaults for OT1/cmr/m/n on input line 13.
LaTeX Font Info:    ... okay on input line 13.
LaTeX Font Info:    Checking defaults for T1/cmr/m/n on input line 13.
LaTeX Font Info:    ... okay on input line 13.
LaTeX Font Info:    Checking defaults for TS1/cmr/m/n on input line 13.
LaTeX Font Info:    ... okay on input line 13.
LaTeX Font Info:    Checking defaults for OMX/cmex/m/n on input line 13.
LaTeX Font Info:    ... okay on input line 13.
LaTeX Font Info:    Checking defaults for U/cmr/m/n on input line 13.
LaTeX Font Info:    ... okay on input line 13.
LaTeX Info: Redefining \. on input line 13.
LaTeX Info: Redefining \% on input line 13.

*geometry* driver: auto-detecting
*geometry* detected driver: pdftex
*geometry* verbose mode - [ preamble ] result:
* driver: pdftex
* paper: a4paper
* layout: <same size as paper>
* layoutoffset:(h,v)=(0.0pt,0.0pt)
* modes: 
* h-part:(L,W,R)=(72.26999pt, 452.9679pt, 72.26999pt)
* v-part:(T,H,B)=(72.26999pt, 700.50687pt, 72.26999pt)
* \paperwidth=597.50787pt
* \paperheight=845.04684pt
* \textwidth=452.9679pt
* \textheight=700.50687pt
* \oddsidemargin=0.0pt
* \evensidemargin=0.0pt
* \topmargin=-37.0pt
* \headheight=12.0pt
* \headsep=25.0pt
* \topskip=12.0pt
* \footskip=30.0pt
* \marginparwidth=35.0pt
* \marginparsep=10.0pt
* \columnsep=10.0pt
* \skip\footins=10.8pt plus 4.0pt minus 2.0pt
* \hoffset=0.0pt
* \voffset=0.0pt
* \mag=1000
* \@twocolumnfalse
* \@twosidefalse
* \@mparswitchfalse
* \@reversemarginfalse
* (1in=72.27pt=25.4mm, 1cm=28.453pt)

LaTeX Font Info:    External font `cmex10' loaded for size
(Font)              <14.4> on input line 15.
LaTeX Font Info:    External font `cmex10' loaded for size
(Font)              <7> on input line 15.
(./revision-tesis.toc
LaTeX Info: Redefining \. on input line 1.
LaTeX Info: Redefining \% on input line 1.
LaTeX Font Info:    External font `cmex10' loaded for size
(Font)              <12> on input line 4.
LaTeX Font Info:    External font `cmex10' loaded for size
(Font)              <8> on input line 4.
LaTeX Font Info:    External font `cmex10' loaded for size
(Font)              <6> on input line 4.
)
\tf@toc=\write3
\openout3 = `revision-tesis.toc'.

 [1

{/var/lib/texmf/fonts/map/pdftex/updmap/pdftex.map}] [2]
Overfull \hbox (34.85735pt too wide) in paragraph at lines 86--86
[]\OT1/cmtt/m/n/12 -Desarrollar un sistema de telemedicina con realidad aumentada como complemento[] 
 []


Overfull \hbox (71.90736pt too wide) in paragraph at lines 87--87
[]\OT1/cmtt/m/n/12 -para mejorar la calidad del servicio de atenci^^Son a pacientes con Di^^Salisis Peritoneal[] 
 []


Overfull \hbox (53.38235pt too wide) in paragraph at lines 88--88
[]\OT1/cmtt/m/n/12 -Ambulatoria del []Area de Nefrolog^^S^^Pa del Hospital Santos An^^S^^Pbal Dominicci, Car^^Supano[] 
 []


Overfull \hbox (28.68234pt too wide) in paragraph at lines 90--90
[]\OT1/cmtt/m/n/12 +Desarrollar un prototipo funcional de un sistema de telemedicina, que integre[] 
 []


Overfull \hbox (47.20735pt too wide) in paragraph at lines 91--91
[]\OT1/cmtt/m/n/12 +inteligencia artificial y realidad aumentada, para optimizar el seguimiento y la[] 
 []


Overfull \hbox (47.20735pt too wide) in paragraph at lines 92--92
[]\OT1/cmtt/m/n/12 +autogesti^^Son del tratamiento en pacientes con Di^^Salisis Peritoneal Ambulatoria del[] 
 []

LaTeX Font Info:    Trying to load font information for TS1+cmtt on input line 97.
(/usr/share/texlive/texmf-dist/tex/latex/base/ts1cmtt.fd
File: ts1cmtt.fd 2023/04/13 v2.5m Standard LaTeX font definitions
)
Overfull \hbox (28.68083pt too wide) in paragraph at lines 97--97
[]\OT1/cmtt/m/n/12 -\TS1/cmtt/m/n/12 ˆ \OT1/cmtt/m/n/12 Diagnosticar las limitaciones en el acceso a la atenci^^Son m^^Sedica a trav^^Ses de[] 
 []


Overfull \hbox (47.20735pt too wide) in paragraph at lines 98--98
[]\OT1/cmtt/m/n/12 -sistemas de telemedicina para pacientes de Di^^Salisis Peritoneal Ambulatoria en el[] 
 []


Overfull \hbox (53.38084pt too wide) in paragraph at lines 100--100
[]\OT1/cmtt/m/n/12 -\TS1/cmtt/m/n/12 ˆ \OT1/cmtt/m/n/12 Analizar los factores que a afectan los procesos de atenci^^Son tradicionales como[] 
 []


Overfull \hbox (71.90736pt too wide) in paragraph at lines 101--101
[]\OT1/cmtt/m/n/12 -por ejemplo el tiempo de espera y la frecuencia de consultas en comunidades remotas.[] 
 []


Overfull \hbox (16.33083pt too wide) in paragraph at lines 102--102
[]\OT1/cmtt/m/n/12 -\TS1/cmtt/m/n/12 ˆ \OT1/cmtt/m/n/12 Determinar los requerimientos necesarios para llevar a cabo procesos como[] 
 []


Overfull \hbox (41.03235pt too wide) in paragraph at lines 103--103
[]\OT1/cmtt/m/n/12 -consultas m^^Sedicas remotas a trav^^Ses de herramientas de telemedicinas a pacientes[] 
 []


Overfull \hbox (59.55585pt too wide) in paragraph at lines 105--105
[]\OT1/cmtt/m/n/12 -\TS1/cmtt/m/n/12 ˆ \OT1/cmtt/m/n/12 Crear un aplicativo para llevar a cabo los protocolos de atenci^^Son para consultas[] 
 []


Overfull \hbox (34.85735pt too wide) in paragraph at lines 106--106
[]\OT1/cmtt/m/n/12 -de telemedicina, asi como criterios de diagn^^Sostico, monitoreo y seguimiento de[] 
 []


Overfull \hbox (41.03235pt too wide) in paragraph at lines 107--107
[]\OT1/cmtt/m/n/12 -pacientes del hospital Santos An^^S^^Pbal Dominicci ubicado en Car^^Supano estado Sucre[] 
 []


Overfull \hbox (10.15582pt too wide) in paragraph at lines 108--108
[]\OT1/cmtt/m/n/12 +\TS1/cmtt/m/n/12 ˆ \OT1/cmtt/m/n/12 Diagnosticar las limitaciones operativas y tecnol^^Sogicas en el proceso de[] 
 []


Overfull \hbox (78.08237pt too wide) in paragraph at lines 109--109
[]\OT1/cmtt/m/n/12 +seguimiento actual a los pacientes de Di^^Salisis Peritoneal Ambulatoria en el hospital.[] 
 []


Overfull \hbox (53.38084pt too wide) in paragraph at lines 110--110
[]\OT1/cmtt/m/n/12 +\TS1/cmtt/m/n/12 ˆ \OT1/cmtt/m/n/12 Definir los requerimientos funcionales y no funcionales (usabilidad, seguridad,[] 
 []


Overfull \hbox (28.68234pt too wide) in paragraph at lines 111--111
[]\OT1/cmtt/m/n/12 +rendimiento) del sistema de telemedicina, bas^^Sandose en las necesidades de los[] 
 []


Overfull \hbox (22.50583pt too wide) in paragraph at lines 113--113
[]\OT1/cmtt/m/n/12 +\TS1/cmtt/m/n/12 ˆ \OT1/cmtt/m/n/12 Dise~nar la arquitectura del sistema, especificando los componentes para la[] 
 []

[3{/usr/share/texmf/fonts/enc/dvips/cm-super/cm-super-ts1.enc}]
Overfull \hbox (16.33234pt too wide) in paragraph at lines 114--114
[]\OT1/cmtt/m/n/12 +recolecci^^Son de datos, el m^^Sodulo de inteligencia artificial y la interfaz de[] 
 []


Overfull \hbox (47.20584pt too wide) in paragraph at lines 116--116
[]\OT1/cmtt/m/n/12 +\TS1/cmtt/m/n/12 ˆ \OT1/cmtt/m/n/12 Implementar un prototipo del aplicativo que incluya (1) un m^^Sodulo de monitoreo[] 
 []


Overfull \hbox (28.68234pt too wide) in paragraph at lines 117--117
[]\OT1/cmtt/m/n/12 +de signos vitales, (2) un sistema de alertas tempranas basado en IA y (3) una[] 
 []


Overfull \hbox (53.38084pt too wide) in paragraph at lines 119--119
[]\OT1/cmtt/m/n/12 +\TS1/cmtt/m/n/12 ˆ \OT1/cmtt/m/n/12 Validar la usabilidad y efectividad del prototipo mediante pruebas con un grupo[] 
 []


Overfull \hbox (84.25737pt too wide) in paragraph at lines 120--120
[]\OT1/cmtt/m/n/12 +seleccionado de usuarios (pacientes y personal m^^Sedico) para recoger retroalimentaci^^Son.[] 
 []

[4]
Overfull \hbox (3.80824pt too wide) in paragraph at lines 160--161
[]\OT1/cmr/bx/n/12 Lean: \OT1/cmr/m/n/12 Se en-fo-ca en en-tre-gar va-lor al clien-te fi-nal, eli-mi-nan-do el "des-per-di-cio"(trabajo
 []

[5] [6] (./revision-tesis.aux
LaTeX Info: Redefining \. on input line 8.
LaTeX Info: Redefining \% on input line 8.
)
 ***********
LaTeX2e <2023-11-01> patch level 1
L3 programming layer <2024-01-22>
 ***********
 ) 
Here is how much of TeX's memory you used:
 2615 strings out of 474222
 45088 string characters out of 5748734
 1935975 words of memory out of 5000000
 24892 multiletter control sequences out of 15000+600000
 564050 words of font info for 56 fonts, out of 8000000 for 9000
 1141 hyphenation exceptions out of 8191
 57i,7n,65p,558b,365s stack positions out of 10000i,1000n,20000p,200000b,200000s
</usr/share/texlive/texmf-dist/fonts/type1/public/amsfonts/cm/cmbx12.pfb></usr/share/texlive/texmf-dist/fonts/type1/public/amsfonts/cm/cmr12.pfb></usr/share/texlive/texmf-dist/fonts/type1/public/amsfonts/cm/cmr17.pfb></usr/share/texlive/texmf-dist/fonts/type1/public/amsfonts/cm/cmti12.pfb></usr/share/texlive/texmf-dist/fonts/type1/public/amsfonts/cm/cmtt12.pfb></usr/share/texmf/fonts/type1/public/cm-super/sftt1200.pfb>
Output written on revision-tesis.pdf (6 pages, 100928 bytes).
PDF statistics:
 54 PDF objects out of 1000 (max. 8388607)
 33 compressed objects within 1 object stream
 0 named destinations out of 1000 (max. 500000)
 1 words of extra memory for PDF output out of 10000 (max. 10000000)

