\BOOKMARK [1][-]{section*.5}{\376\377\000P\000R\000\301\000C\000T\000I\000C\000A\000\040\0001\000:\000\040\000M\000A\000N\000E\000J\000O\000\040\000D\000E\000L\000\040\000I\000N\000S\000T\000R\000U\000M\000E\000N\000T\000A\000L\000\040\000E\000L\000\311\000C\000T\000R\000I\000C\000O\000.\000.\000.}{}% 1
\BOOKMARK [2][-]{section*.7}{\376\377\0001\000.\000\040\000O\000B\000J\000E\000T\000I\000V\000O\000S}{section*.5}% 2
\BOOKMARK [2][-]{section*.9}{\376\377\0002\000.\000\040\000P\000A\000R\000T\000E\000\040\000T\000E\000\323\000R\000I\000C\000A}{section*.5}% 3
\BOOKMARK [3][-]{section*.10}{\376\377\0002\000.\0001\000.\000\040\000R\000E\000S\000I\000S\000T\000E\000N\000C\000I\000A\000,\000\040\000R\000E\000S\000I\000S\000T\000I\000V\000I\000D\000A\000D\000\040\000Y\000\040\000C\000O\000N\000D\000U\000C\000T\000I\000V\000I\000D\000A\000D}{section*.9}% 4
\BOOKMARK [3][-]{section*.11}{\376\377\0002\000.\0002\000.\000\040\000L\000E\000Y\000\040\000D\000E\000\040\000O\000H\000M}{section*.9}% 5
\BOOKMARK [3][-]{section*.12}{\376\377\0002\000.\0003\000.\000\040\000R\000E\000S\000I\000S\000T\000O\000R\000E\000S}{section*.9}% 6
\BOOKMARK [3][-]{section*.13}{\376\377\0002\000.\0004\000.\000\040\000P\000O\000T\000E\000N\000C\000I\000A\000\040\000M\000\301\000X\000I\000M\000A\000\040\000D\000E\000\040\000U\000N\000\040\000R\000E\000S\000I\000S\000T\000O\000R}{section*.9}% 7
\BOOKMARK [3][-]{section*.14}{\376\377\0002\000.\0005\000.\000\040\000A\000M\000P\000E\000R\000\315\000M\000E\000T\000R\000O\000S\000,\000\040\000V\000O\000L\000T\000\315\000M\000E\000T\000R\000O\000S\000\040\000Y\000\040\000O\000H\000M\000\315\000M\000E\000T\000R\000O\000S}{section*.9}% 8
\BOOKMARK [2][-]{section*.16}{\376\377\0003\000.\000\040\000P\000A\000R\000T\000E\000\040\000E\000X\000P\000E\000R\000I\000M\000E\000N\000T\000A\000L}{section*.5}% 9
\BOOKMARK [3][-]{section*.17}{\376\377\0003\000.\0001\000\040\000M\000A\000T\000E\000R\000I\000A\000L}{section*.16}% 10
\BOOKMARK [3][-]{section*.18}{\376\377\0003\000.\0002\000.\000\040\000P\000R\000O\000C\000E\000D\000I\000M\000I\000E\000N\000T\000O}{section*.16}% 11
\BOOKMARK [3][-]{section*.19}{\376\377\0003\000.\0002\000.\0001\000\040\000C\000A\000R\000A\000C\000T\000E\000R\000\315\000S\000T\000I\000C\000A\000\040\000I\000-\000V\000\040\000D\000E\000\040\000U\000N\000\040\000R\000E\000S\000I\000S\000T\000O\000R\000.}{section*.16}% 12
\BOOKMARK [3][-]{section*.20}{\376\377\0003\000.\0002\000.\0002\000\040\000C\000A\000R\000A\000C\000T\000E\000R\000\315\000S\000T\000I\000C\000A\000\040\000I\000-\000V\000\040\000D\000E\000\040\000U\000N\000\040\000D\000I\000O\000D\000O\000\040\000S\000E\000M\000I\000C\000O\000N\000D\000U\000C\000T\000O\000R\000.}{section*.16}% 13
\BOOKMARK [2][-]{section*.22}{\376\377\0004\000.\000\040\000A\000C\000T\000I\000V\000I\000D\000A\000D\000E\000S}{section*.5}% 14
\BOOKMARK [1][-]{section*.24}{\376\377\000P\000R\000\301\000C\000T\000I\000C\000A\000\040\0002\000:\000\040\000D\000E\000T\000E\000R\000M\000I\000N\000A\000C\000I\000\323\000N\000\040\000D\000E\000\040\000U\000N\000A\000\040\000R\000E\000S\000I\000S\000T\000E\000N\000C\000I\000A\000\040\000E\000L\000\311\000C\000T\000R\000I\000C\000A}{}% 15
\BOOKMARK [2][-]{section*.26}{\376\377\0001\000.\000\040\000O\000B\000J\000E\000T\000I\000V\000O\000S}{section*.24}% 16
\BOOKMARK [2][-]{section*.28}{\376\377\0002\000.\000\040\000P\000A\000R\000T\000E\000\040\000T\000E\000\323\000R\000I\000C\000A}{section*.24}% 17
\BOOKMARK [2][-]{section*.30}{\376\377\0003\000.\000\040\000P\000A\000R\000T\000E\000\040\000E\000X\000P\000E\000R\000I\000M\000E\000N\000T\000A\000L}{section*.24}% 18
\BOOKMARK [3][-]{section*.31}{\376\377\0003\000.\0001\000.\000\040\000M\000A\000T\000E\000R\000I\000A\000L}{section*.30}% 19
\BOOKMARK [3][-]{section*.32}{\376\377\0003\000.\0002\000.\000\040\000M\000\311\000T\000O\000D\000O\000\040\000D\000E\000\040\000M\000E\000D\000I\000D\000A\000\040\000I\000N\000D\000I\000R\000E\000C\000T\000A\000\040\000D\000E\000\040\000U\000N\000A\000\040\000R\000E\000S\000I\000S\000T\000E\000N\000C\000I\000A\000\040\000E\000L\000\311\000C\000T\000R\000I\000C\000A}{section*.30}% 20
\BOOKMARK [3][-]{section*.33}{\376\377\0003\000.\0002\000.\0001\000\040\000A\000M\000P\000E\000R\000\315\000M\000E\000T\000R\000O\000\040\000Y\000\040\000V\000O\000L\000T\000\315\000M\000E\000T\000R\000O\000.}{section*.30}% 21
\BOOKMARK [3][-]{section*.34}{\376\377\0003\000.\0002\000.\0002\000\040\000P\000U\000E\000N\000T\000E\000\040\000D\000E\000\040\000R\000E\000S\000I\000S\000T\000E\000N\000C\000I\000A\000S}{section*.30}% 22
\BOOKMARK [3][-]{section*.35}{\376\377\0003\000.\0003\000.\000\040\000M\000\311\000T\000O\000D\000O\000\040\000D\000E\000\040\000M\000E\000D\000I\000D\000A\000\040\000D\000I\000R\000E\000C\000T\000A\000\040\000D\000E\000\040\000U\000N\000A\000\040\000R\000E\000S\000I\000S\000T\000E\000N\000C\000I\000A\000\040\000E\000L\000\311\000C\000T\000R\000I\000C\000A}{section*.30}% 23
\BOOKMARK [3][-]{section*.36}{\376\377\0003\000.\0003\000.\0001\000.\000\040\000O\000H\000M\000\315\000M\000E\000T\000R\000O}{section*.30}% 24
\BOOKMARK [2][-]{section*.38}{\376\377\0004\000.\000\040\000A\000C\000T\000I\000V\000I\000D\000A\000D\000E\000S}{section*.24}% 25
\BOOKMARK [3][-]{section*.39}{\376\377\0004\000.\0001\000.\000\040\000L\000A\000\040\000P\000R\000E\000C\000I\000S\000I\000\323\000N\000\040\000D\000E\000L\000\040\000R\000E\000S\000U\000L\000T\000A\000D\000O}{section*.38}% 26
\BOOKMARK [3][-]{section*.40}{\376\377\0004\000.\0002\000.\000\040\000A\000C\000T\000I\000V\000I\000D\000A\000D\000E\000S\000\040\000A\000D\000I\000C\000I\000O\000N\000A\000L\000E\000S\000\040\000P\000R\000E\000V\000I\000A\000S\000\040\000Y\000\040\000P\000O\000S\000T\000E\000R\000I\000O\000R\000E\000S\000\040\000A\000\040\000L\000A\000\040\000R\000E\000A\000L\000I\000Z\000A\000C\000I\000\323\000N\000\040\000D\000E\000\040\000L\000A\000\040\000P\000R\000\301\000C\000T\000I\000C\000A}{section*.38}% 27
\BOOKMARK [1][-]{section*.42}{\376\377\000P\000R\000\301\000C\000T\000I\000C\000A\000\040\0003\000:\000\040\000D\000E\000T\000E\000R\000M\000I\000N\000A\000C\000I\000\323\000N\000\040\000D\000E\000\040\000L\000A\000\040\000R\000E\000S\000I\000S\000T\000E\000N\000C\000I\000A\000\040\000I\000N\000T\000E\000R\000N\000A\000.\000.\000.}{}% 28
\BOOKMARK [2][-]{section*.44}{\376\377\0001\000.\000\040\000O\000B\000J\000E\000T\000I\000V\000O}{section*.42}% 29
\BOOKMARK [2][-]{section*.46}{\376\377\0002\000.\000\040\000P\000A\000R\000T\000E\000\040\000T\000E\000\323\000R\000I\000C\000A}{section*.42}% 30
\BOOKMARK [2][-]{section*.48}{\376\377\0003\000.\000\040\000P\000A\000R\000T\000E\000\040\000E\000X\000P\000E\000R\000I\000M\000E\000N\000T\000A\000L}{section*.42}% 31
\BOOKMARK [3][-]{section*.49}{\376\377\0003\000.\0001\000.\000\040\000M\000A\000T\000E\000R\000I\000A\000L}{section*.48}% 32
\BOOKMARK [3][-]{section*.50}{\376\377\0003\000.\0002\000.\000\040\000P\000R\000O\000C\000E\000D\000I\000M\000I\000E\000N\000T\000O}{section*.48}% 33
\BOOKMARK [3][-]{section*.51}{\376\377\0003\000.\0002\000.\0001\000\040\000R\000E\000S\000I\000S\000T\000E\000N\000C\000I\000A\000\040\000I\000N\000T\000E\000R\000N\000A\000\040\000D\000E\000\040\000U\000N\000\040\000V\000O\000L\000T\000\315\000M\000E\000T\000R\000O}{section*.48}% 34
\BOOKMARK [3][-]{section*.52}{\376\377\0003\000.\0002\000.\0002\000\040\000R\000E\000S\000I\000S\000T\000E\000N\000C\000I\000A\000\040\000I\000N\000T\000E\000R\000N\000A\000\040\000D\000E\000\040\000U\000N\000\040\000A\000M\000P\000E\000R\000\315\000M\000E\000T\000R\000O}{section*.48}% 35
\BOOKMARK [3][-]{section*.53}{\376\377\0003\000.\0002\000.\0003\000\040\000D\000E\000T\000E\000R\000M\000I\000N\000A\000C\000I\000\323\000N\000\040\000D\000E\000\040\000L\000A\000\040\000R\000E\000S\000I\000S\000T\000E\000N\000C\000I\000A\000\040\000I\000N\000T\000E\000R\000N\000A\000\040\000D\000E\000\040\000U\000N\000A\000\040\000F\000U\000E\000N\000T\000E}{section*.48}% 36
\BOOKMARK [2][-]{section*.55}{\376\377\0004\000.\000\040\000A\000C\000T\000I\000V\000I\000D\000A\000D\000E\000S}{section*.42}% 37
\BOOKMARK [3][-]{section*.56}{\376\377\0004\000.\0001\000.\000\040\000R\000E\000S\000I\000S\000T\000E\000N\000C\000I\000A\000\040\000I\000N\000T\000E\000R\000N\000A\000\040\000D\000E\000\040\000U\000N\000\040\000V\000O\000L\000T\000\315\000M\000E\000T\000R\000O}{section*.55}% 38
\BOOKMARK [3][-]{section*.57}{\376\377\0004\000.\0002\000.\000\040\000R\000E\000S\000I\000S\000T\000E\000N\000C\000I\000A\000\040\000I\000N\000T\000E\000R\000N\000A\000\040\000D\000E\000\040\000U\000N\000\040\000A\000M\000P\000E\000R\000\315\000M\000E\000T\000R\000O}{section*.55}% 39
\BOOKMARK [3][-]{section*.58}{\376\377\0004\000.\0003\000.\000\040\000R\000E\000S\000I\000S\000T\000E\000N\000C\000I\000A\000\040\000I\000N\000T\000E\000R\000N\000A\000\040\000D\000E\000\040\000U\000N\000A\000\040\000F\000U\000E\000N\000T\000E}{section*.55}% 40
\BOOKMARK [1][-]{section*.60}{\376\377\000P\000R\000\301\000C\000T\000I\000C\000A\000\040\0004\000:\000\040\000C\000I\000R\000C\000U\000I\000T\000O\000S\000\040\000E\000L\000\311\000C\000T\000R\000I\000C\000O\000S}{}% 41
\BOOKMARK [2][-]{section*.62}{\376\377\0001\000.\000\040\000O\000B\000J\000E\000T\000I\000V\000O\000S}{section*.60}% 42
\BOOKMARK [2][-]{section*.64}{\376\377\0002\000.\000\040\000M\000E\000T\000O\000D\000O\000L\000O\000G\000\315\000A}{section*.60}% 43
\BOOKMARK [2][-]{section*.66}{\376\377\0003\000.\000\040\000P\000A\000R\000T\000E\000\040\000T\000E\000\323\000R\000I\000C\000A}{section*.60}% 44
\BOOKMARK [3][-]{section*.67}{\376\377\000R\000e\000g\000l\000a\000s\000\040\000p\000a\000r\000a\000\040\000l\000a\000\040\000A\000p\000l\000i\000c\000a\000c\000i\000\363\000n\000\040\000C\000o\000r\000r\000e\000c\000t\000a\000\040\000d\000e\000\040\000l\000a\000s\000\040\000L\000e\000y\000e\000s\000\040\000d\000e\000\040\000K\000i\000r\000c\000h\000h\000o\000f\000f\000:}{section*.66}% 45
\BOOKMARK [2][-]{section*.69}{\376\377\0004\000.\000\040\000P\000A\000R\000T\000E\000\040\000E\000X\000P\000E\000R\000I\000M\000E\000N\000T\000A\000L}{section*.60}% 46
\BOOKMARK [3][-]{section*.70}{\376\377\0004\000.\0001\000.\000\040\000M\000A\000T\000E\000R\000I\000A\000L}{section*.69}% 47
\BOOKMARK [3][-]{section*.71}{\376\377\0004\000.\0002\000.\000\040\000P\000R\000O\000C\000E\000D\000I\000M\000I\000E\000N\000T\000O}{section*.69}% 48
\BOOKMARK [3][-]{section*.72}{\376\377\0004\000.\0002\000.\0001\000.\000\040\000R\000E\000S\000I\000S\000T\000E\000N\000C\000I\000A\000S\000\040\000E\000N\000\040\000S\000E\000R\000I\000E}{section*.69}% 49
\BOOKMARK [3][-]{section*.73}{\376\377\0004\000.\0002\000.\0002\000.\000\040\000R\000E\000S\000I\000S\000T\000E\000N\000C\000I\000A\000S\000\040\000E\000N\000\040\000P\000A\000R\000A\000L\000E\000L\000O}{section*.69}% 50
\BOOKMARK [3][-]{section*.74}{\376\377\0004\000.\0002\000.\0003\000.\000\040\000R\000E\000D\000\040\000E\000L\000\311\000C\000T\000R\000I\000C\000A}{section*.69}% 51
\BOOKMARK [2][-]{section*.76}{\376\377\0005\000.\000\040\000A\000C\000T\000I\000V\000I\000D\000A\000D\000E\000S}{section*.60}% 52
\BOOKMARK [3][-]{section*.77}{\376\377\0005\000.\0001\000.\000\040\000R\000E\000S\000I\000S\000T\000E\000N\000C\000I\000A\000S\000\040\000E\000N\000\040\000S\000E\000R\000I\000E}{section*.76}% 53
\BOOKMARK [3][-]{section*.78}{\376\377\0005\000.\0002\000.\000\040\000R\000E\000S\000I\000S\000T\000E\000N\000C\000I\000A\000S\000\040\000E\000N\000\040\000P\000A\000R\000A\000L\000E\000L\000O}{section*.76}% 54
\BOOKMARK [3][-]{section*.79}{\376\377\0005\000.\0003\000.\000\040\000R\000E\000D\000\040\000E\000L\000\311\000C\000T\000R\000I\000C\000A}{section*.76}% 55
